startedAt=2026-07-05T15:03:01-0700
Resolved 1 package in 189ms
Prepared 1 package in 44ms
Installed 1 package in 2ms
 + theharvester==0.0.1
No executables are provided by package `theharvester`; removing tool
error: Failed to install entrypoints for `theharvester`
Resolved 8 packages in 753ms
   Building arjun==2.2.7
   Building ratelimit==2.2.1
      Built ratelimit==2.2.1
      Built arjun==2.2.7
Prepared 3 packages in 131ms
Installed 8 packages in 9ms
 + arjun==2.2.7
 + certifi==2026.6.17
 + charset-normalizer==3.4.7
 + dicttoxml==1.7.16
 + idna==3.18
 + ratelimit==2.2.1
 + requests==2.34.2
 + urllib3==2.7.0
Installed 1 executable: arjun
  × No solution found when resolving dependencies:
  ╰─▶ Because graphqlmap was not found in the package registry and you require
      graphqlmap, we can conclude that your requirements are unsatisfiable.
  × No solution found when resolving dependencies:
  ╰─▶ Because there are no versions of jwt-tool and you require jwt-tool, we
      can conclude that your requirements are unsatisfiable.
Resolved 40 packages in 1.01s
   Building zodb3==3.11.0
Downloading pwncat-cs (2.3MiB)
Downloading pycryptodome (2.4MiB)
   Building netifaces==0.11.0
      Built zodb3==3.11.0
 Downloaded pycryptodome
 Downloaded pwncat-cs
      Built netifaces==0.11.0
Prepared 22 packages in 1.59s
Installed 40 packages in 97ms
 + bcrypt==5.0.0
 + btrees==6.4
 + certifi==2026.6.17
 + cffi==2.0.0
 + charset-normalizer==3.4.7
 + colorama==0.4.6
 + commonmark==0.9.2
 + cryptography==49.0.0
 + idna==3.18
 + jinja2==3.1.6
 + markupsafe==3.0.3
 + netifaces==0.11.0
 + packaging==20.9
 + paramiko-ng==2.9.0
 + persistent==6.7
 + prompt-toolkit==3.0.52
 + pwncat-cs==0.5.4
 + pycparser==3.0
 + pycryptodome==3.23.0
 + pygments==2.20.0
 + pynacl==1.6.2
 + pyparsing==3.3.2
 + python-rapidjson==1.23
 + requests==2.34.2
 + rich==10.16.2
 + setuptools==83.0.0
 + transaction==5.1
 + urllib3==2.7.0
 + wcwidth==0.8.2
 + zc-lockfile==4.0
 + zconfig==4.3
 + zdaemon==5.2.1
 + zeo==6.2
 + zodb==6.3
 + zodb3==3.11.0
 + zodbpickle==4.4
 + zodburi==2.6.0
 + zope-deferredimport==6.1.1
 + zope-interface==8.5
 + zope-proxy==7.2
Installed 1 executable: pwncat-cs
Resolved 20 packages in 126ms
Downloading impacket (1.7MiB)
 Downloaded impacket
Prepared 3 packages in 96ms
Installed 20 packages in 79ms
 + blinker==1.9.0
 + cffi==2.0.0
 + charset-normalizer==3.4.7
 + click==8.4.2
 + cryptography==49.0.0
 + dnspython==2.8.0
 + flask==3.1.3
 + impacket==0.13.1
 + itsdangerous==2.2.0
 + jinja2==3.1.6
 + ldap3==2.9.1
 + ldapdomaindump==0.10.0
 + markupsafe==3.0.3
 + pyasn1==0.6.3
 + pyasn1-modules==0.4.2
 + pycparser==3.0
 + pycryptodomex==3.23.0
 + pyopenssl==26.3.0
 + six==1.17.0
 + werkzeug==3.1.8
Installed 70 executables: CheckLDAPStatus.py, DumpNTLMInfo.py, Get-GPPPassword.py, GetADComputers.py, GetADUsers.py, GetLAPSPassword.py, GetNPUsers.py, GetUserSPNs.py, addcomputer.py, atexec.py, attrib.py, badsuccessor.py, changepasswd.py, checkMSSQLStatus.py, dacledit.py, dcomexec.py, describeTicket.py, dpapi.py, dpapidump.py, esentutl.py, exchanger.py, filetime.py, findDelegation.py, getArch.py, getPac.py, getST.py, getTGT.py, goldenPac.py, karmaSMB.py, keylistattack.py, kintercept.py, lookupsid.py, machine_role.py, mimikatz.py, mqtt_check.py, mssqlclient.py, mssqlinstance.py, net.py, netview.py, ntfs-read.py, ntlmrelayx.py, owneredit.py, ping.py, ping6.py, psexec.py, raiseChild.py, rbcd.py, rdp_check.py, reg.py, registry-read.py, regsecrets.py, rpcdump.py, rpcmap.py, sambaPipe.py, samedit.py, samrdump.py, secretsdump.py, services.py, smbclient.py, smbexec.py, smbserver.py, sniff.py, sniffer.py, split.py, ticketConverter.py, ticketer.py, tstool.py, wmiexec.py, wmipersist.py, wmiquery.py
Resolved 18 packages in 546ms
   Building stem==1.8.2
Downloading pandas (10.2MiB)
Downloading numpy (5.1MiB)
      Built stem==1.8.2
 Downloaded numpy
 Downloaded pandas
Prepared 9 packages in 334ms
Installed 18 packages in 64ms
 + certifi==2026.6.17
 + charset-normalizer==3.4.7
 + colorama==0.4.6
 + et-xmlfile==2.0.0
 + idna==3.18
 + numpy==2.5.1
 + openpyxl==3.1.5
 + pandas==2.3.3
 + pysocks==1.7.1
 + python-dateutil==2.9.0.post0
 + pytz==2026.2
 + requests==2.34.2
 + requests-futures==1.0.2
 + sherlock-project==0.16.0
 + six==1.17.0
 + stem==1.8.2
 + tzdata==2026.2
 + urllib3==2.7.0
Installed 1 executable: sherlock
Resolved 19 packages in 572ms
   Building holehe==1.61
      Built holehe==1.61
Prepared 7 packages in 184ms
Installed 19 packages in 35ms
 + anyio==4.14.1
 + attrs==26.1.0
 + beautifulsoup4==4.15.0
 + bs4==0.0.2
 + certifi==2026.6.17
 + colorama==0.4.6
 + h11==0.16.0
 + holehe==1.61
 + httpcore==1.0.9
 + httpx==0.28.1
 + idna==3.18
 + outcome==1.3.0.post0
 + sniffio==1.3.1
 + sortedcontainers==2.4.0
 + soupsieve==2.8.4
 + termcolor==3.3.0
 + tqdm==4.68.3
 + trio==0.33.0
 + typing-extensions==4.16.0
Installed 1 executable: holehe
finishedAt=2026-07-05T15:03:08-0700
