Resolved 40 packages in 177ms
   Building netifaces==0.11.0
      Built netifaces==0.11.0
Prepared 7 packages in 1.04s
Installed 40 packages in 81ms
 + bcrypt==5.0.0
 + btrees==6.4
 + certifi==2026.6.17
 + cffi==2.0.0
 + charset-normalizer==3.4.7
 + colorama==0.4.6
 + commonmark==0.9.2
 + cryptography==49.0.0
 + idna==3.18
 + jinja2==3.1.6
 + markupsafe==3.0.3
 + netifaces==0.11.0
 + packaging==20.9
 + paramiko-ng==2.9.0
 + persistent==6.7
 + prompt-toolkit==3.0.52
 + pwncat-cs==0.5.4
 + pycparser==3.0
 + pycryptodome==3.23.0
 + pygments==2.20.0
 + pynacl==1.6.2
 + pyparsing==3.3.2
 + python-rapidjson==1.23
 + requests==2.34.2
 + rich==10.16.2
 + setuptools==80.10.2
 + transaction==5.1
 + urllib3==2.7.0
 + wcwidth==0.8.2
 + zc-lockfile==4.0
 + zconfig==4.3
 + zdaemon==5.2.1
 + zeo==6.2
 + zodb==6.3
 + zodb3==3.11.0
 + zodbpickle==4.4
 + zodburi==2.6.0
 + zope-deferredimport==6.1.1
 + zope-interface==8.5
 + zope-proxy==7.2
Installed 1 executable: pwncat-cs
Traceback (most recent call last):
  File "/Users/eric/.local/bin/pwncat-cs", line 4, in <module>
    from pwncat.__main__ import main
  File "/Users/eric/.local/share/uv/tools/pwncat-cs/lib/python3.12/site-packages/pwncat/__main__.py", line 11, in <module>
    import pwncat.manager
  File "/Users/eric/.local/share/uv/tools/pwncat-cs/lib/python3.12/site-packages/pwncat/manager.py", line 43, in <module>
    import zodburi
  File "/Users/eric/.local/share/uv/tools/pwncat-cs/lib/python3.12/site-packages/zodburi/__init__.py", line 2, in <module>
    from pkg_resources import iter_entry_points
  File "/Users/eric/.local/share/uv/tools/pwncat-cs/lib/python3.12/site-packages/pkg_resources/__init__.py", line 85, in <module>
    import packaging.markers
  File "/Users/eric/.local/share/uv/tools/pwncat-cs/lib/python3.12/site-packages/packaging/markers.py", line 25, in <module>
    from .specifiers import InvalidSpecifier, Specifier
  File "/Users/eric/.local/share/uv/tools/pwncat-cs/lib/python3.12/site-packages/packaging/specifiers.py", line 14, in <module>
    from .utils import canonicalize_version
  File "/Users/eric/.local/share/uv/tools/pwncat-cs/lib/python3.12/site-packages/packaging/utils.py", line 9, in <module>
    from .tags import Tag, parse_tag
  File "/Users/eric/.local/share/uv/tools/pwncat-cs/lib/python3.12/site-packages/packaging/tags.py", line 7, in <module>
    import distutils.util
ModuleNotFoundError: No module named 'distutils'
Traceback (most recent call last):
  File "/Users/eric/.local/bin/pwncat-cs", line 4, in <module>
    from pwncat.__main__ import main
  File "/Users/eric/.local/share/uv/tools/pwncat-cs/lib/python3.12/site-packages/pwncat/__main__.py", line 11, in <module>
    import pwncat.manager
  File "/Users/eric/.local/share/uv/tools/pwncat-cs/lib/python3.12/site-packages/pwncat/manager.py", line 43, in <module>
    import zodburi
  File "/Users/eric/.local/share/uv/tools/pwncat-cs/lib/python3.12/site-packages/zodburi/__init__.py", line 2, in <module>
    from pkg_resources import iter_entry_points
  File "/Users/eric/.local/share/uv/tools/pwncat-cs/lib/python3.12/site-packages/pkg_resources/__init__.py", line 85, in <module>
    import packaging.markers
  File "/Users/eric/.local/share/uv/tools/pwncat-cs/lib/python3.12/site-packages/packaging/markers.py", line 25, in <module>
    from .specifiers import InvalidSpecifier, Specifier
  File "/Users/eric/.local/share/uv/tools/pwncat-cs/lib/python3.12/site-packages/packaging/specifiers.py", line 14, in <module>
    from .utils import canonicalize_version
  File "/Users/eric/.local/share/uv/tools/pwncat-cs/lib/python3.12/site-packages/packaging/utils.py", line 9, in <module>
    from .tags import Tag, parse_tag
  File "/Users/eric/.local/share/uv/tools/pwncat-cs/lib/python3.12/site-packages/packaging/tags.py", line 7, in <module>
    import distutils.util
ModuleNotFoundError: No module named 'distutils'
